  HOSTCC  scripts/basic/fixdep
  HOSTCC  scripts/basic/bin2c
  HOSTCC  scripts/kconfig/conf.o
  HOSTCC  scripts/kconfig/zconf.tab.o
  HOSTLD  scripts/kconfig/conf
scripts/kconfig/conf  --silentoldconfig Kconfig
  CHK     include/config/kernel.release
  CHK     include/generated/uapi/linux/version.h
  CHK     include/generated/utsrelease.h
  CC      kernel/bounds.s
  CHK     include/generated/bounds.h
  CHK     include/generated/timeconst.h
  CC      arch/arm64/kernel/asm-offsets.s
  CHK     include/generated/asm-offsets.h
  CALL    scripts/checksyscalls.sh
  LDS     arch/arm64/kernel/vdso/vdso.lds
  VDSOC   arch/arm64/kernel/vdso/vgettimeofday.o
  VDSOA   arch/arm64/kernel/vdso/note.o
  VDSOA   arch/arm64/kernel/vdso/sigreturn.o
  LD      arch/arm64/kernel/vdso/vdso.so.dbg
  VDSOSYM include/generated/vdso-offsets.h
  CHK     scripts/mod/devicetable-offsets.h
  CHK     include/generated/compile.h
  SKIPPED include/generated/compile.h
  HOSTCC  usr/gen_init_cpio
  GEN     usr/initramfs_data.cpio.gz
  AS      usr/initramfs_data.o
  LD      usr/built-in.o
  CC      arch/arm64/kernel/vdso.o
  CC      arch/arm64/kernel/signal32.o
  OBJCOPY arch/arm64/kernel/vdso/vdso.so
  AS      arch/arm64/kernel/vdso/vdso.o
  LD      arch/arm64/kernel/vdso/built-in.o
  LD      arch/arm64/kernel/built-in.o
  AS      arch/arm64/kernel/head.o
  LDS     arch/arm64/kernel/vmlinux.lds
  GZIP    kernel/config_data.gz
  CHK     kernel/config_data.h
  UPD     kernel/config_data.h
  CC      kernel/configs.o
  LD      kernel/built-in.o
